
> dev
> next dev

   ▲ Next.js 15.5.2
   - Local:        http://localhost:3000
   - Network:      http://192.168.29.231:3000
   - Environments: .env

 ✓ Starting...
 ✓ Ready in 11.1s
 ○ Compiling / ...
 ✓ Compiled / in 1142ms (556 modules)
 GET / 200 in 2325ms
 GET / 200 in 72ms
 ○ Compiling /_not-found ...
 ✓ Compiled /_not-found in 1268ms (561 modules)
 GET /activate?token=UU3aQT6mRL-rOjhzt_Q4Ondue5SBe_nh7EGWXBbZMdc 404 in 1556ms
 GET / 200 in 76ms
 GET / 200 in 57ms
 GET /activate?token=CnsTuczt884uzrY5iCrKDzuvE2w0DKoH2MsGFgng8E0 404 in 50ms
 GET /activate?token=CnsTuczt884uzrY5iCrKDzuvE2w0DKoH2MsGFgng8E0 404 in 49ms
 GET / 200 in 60ms
 GET /activate?token=CnsTuczt884uzrY5iCrKDzuvE2w0DKoH2MsGFgng8E0 404 in 54ms
 GET /activate 404 in 50ms
 ✓ Compiled in 432ms (561 modules)
 ○ Compiling /activate ...
 ✓ Compiled /activate in 529ms (563 modules)
 GET / 200 in 726ms
 GET /activate 200 in 769ms
 GET /activate 200 in 128ms
 GET /activate?token=XcwAIxz0xLEre-P-YBA7Vg-UcJL-2FjhPhkMsUxKEzc 200 in 53ms
 ✓ Compiled in 392ms (558 modules)
 ✓ Compiled in 775ms (556 modules)
 ✓ Compiled in 538ms (556 modules)
 ✓ Compiled in 341ms (556 modules)
 ✓ Compiled in 191ms (556 modules)
 ✓ Compiled in 263ms (556 modules)
 ✓ Compiled in 571ms (556 modules)
 GET /activate?token=XcwAIxz0xLEre-P-YBA7Vg-UcJL-2FjhPhkMsUxKEzc 200 in 151ms
 ✓ Compiled in 475ms (556 modules)
 ✓ Compiled in 373ms (556 modules)
 ✓ Compiled in 557ms (556 modules)
 ✓ Compiled in 312ms (556 modules)
 ✓ Compiled in 314ms (556 modules)
 ✓ Compiled in 502ms (556 modules)
 ✓ Compiled in 344ms (556 modules)
 GET /activate?token=XcwAIxz0xLEre-P-YBA7Vg-UcJL-2FjhPhkMsUxKEzc 200 in 292ms
 GET /activate?token=XcwAIxz0xLEre-P-YBA7Vg-UcJL-2FjhPhkMsUxKEzc 500 in 2469ms
 ○ Compiling /_error ...
 ✓ Compiled /_error in 4.9s (902 modules)
 GET /activate 500 in 5907ms
 GET / 500 in 2346ms
 GET /activate 500 in 281ms
 GET / 500 in 274ms
 GET / 500 in 270ms
